Microchip MPLAB XC8 Compiler V3.10

Linker command line:

-W-3 \
  --edf=C:\Program Files\Microchip\xc8\v3.10\pic\dat\20250813170317_en.msgs \
  -cn -h+dist/default/production\OpenAACam1Controller.X.production.sym \
  --cmf=dist/default/production\OpenAACam1Controller.X.production.cmf -z \
  -Q18F57Q43 -oC:\Users\ms441\AppData\Local\Temp\xcAs2aw.0\driver_tmp_3.o \
  --defsym=__MPLAB_BUILD=1 --fixupoverflow=error \
  -Mdist/default/production/OpenAACam1Controller.X.production.map \
  --md=C:\Users\ms441\AppData\Local\Temp\xcAs2aw.0\driver_tmp_0.dat -E1 \
  -ver=XC8 Compiler -ACODE=00h-01FFFFh -ACONST=00h-01FFFFh \
  -ASMALLCONST=02600h-026FFhx218,012600h-0126FFhx218 \
  -AMEDIUMCONST=02600h-0FFFFh,012600h-01FFFFh -ACOMRAM=0501h-055Fh \
  -AABS1=0500h-024FFh -ABIGRAM=0501h-024FFh \
  -ARAM=0560h-05FFh,0600h-06FFhx31 -ABANK5=0560h-05FFh -ABANK6=0600h-06FFh \
  -ABANK7=0700h-07FFh -ABANK8=0800h-08FFh -ABANK9=0900h-09FFh \
  -ABANK10=0A00h-0AFFh -ABANK11=0B00h-0BFFh -ABANK12=0C00h-0CFFh \
  -ABANK13=0D00h-0DFFh -ABANK14=0E00h-0EFFh -ABANK15=0F00h-0FFFh \
  -ABANK16=01000h-010FFh -ABANK17=01100h-011FFh -ABANK18=01200h-012FFh \
  -ABANK19=01300h-013FFh -ABANK20=01400h-014FFh -ABANK21=01500h-015FFh \
  -ABANK22=01600h-016FFh -ABANK23=01700h-017FFh -ABANK24=01800h-018FFh \
  -ABANK25=01900h-019FFh -ABANK26=01A00h-01AFFh -ABANK27=01B00h-01BFFh \
  -ABANK28=01C00h-01CFFh -ABANK29=01D00h-01DFFh -ABANK30=01E00h-01EFFh \
  -ABANK31=01F00h-01FFFh -ABANK32=02000h-020FFh -ABANK33=02100h-021FFh \
  -ABANK34=02200h-022FFh -ABANK35=02300h-023FFh -ABANK36=02400h-024FFh \
  -ASFR=00h-0FFhx4,0400h-045Fh,0460h-04FFh,02500h-025FFh \
  -ABIGSFR=00h-04FFh,02500h-025FFh -ACONFIG=0300000h-0300011h \
  -AIDLOC=0200000h-020003Fh -AEEDATA=0380000h-03803FFh -peeprom_data=EEDATA \
  -preset_vec=00h -ppowerup=CODE,init -pramtop=02600h \
  -psmallconst=SMALLCONST -pmediumconst=MEDIUMCONST -pconst=CONST \
  -AFARRAM=00h-00h \
  -prdata=COMRAM,nvrram=COMRAM,nvbit=COMRAM,rbss=COMRAM,rbit=COMRAM \
  -pfarbss=FARRAM,fardata=FARRAM,nvFARRAM=FARRAM \
  -pintsave_regs=BIGRAM,bigbss=BIGRAM,bigdata=BIGRAM -pbss=RAM \
  -pidata=CODE,irdata=CODE,ibigdata=CODE,ifardata=CODE -prparam=COMRAM \
  C:\Users\ms441\AppData\Local\Temp\xcAs2aw.0\driver_tmp_9.o \
  dist/default/production\OpenAACam1Controller.X.production.o 

Object code version is 3.11

Machine type is 18F57Q43



                Name                               Link     Load   Length Selector   Space Scale
C:\Users\ms441\AppData\Local\Temp\xcAs2aw.0\driver_tmp_9.o
                config                           300000   300000        A        0       4
                init                              1FFFC    1FFFC        4     FFFE       0
                reset_vec                             0        0        4        0       0
dist/default/production\OpenAACam1Controller.X.production.o
                config                           300000   300000        A        0       4
                smallconst                         2600     2600       34     1300       0
                text12                             2AAC     2AAC       98     131A       0
                text11                             2B44     2B44       6A     131A       0
                text10                             2918     2918       EE     131A       0
                text9                              2634     2634      1DC     131A       0
                text8                              2C34     2C34       14     131A       0
                text7                              2C76     2C76        E     131A       0
                text6                              2C68     2C68        E     131A       0
                text5                              2C5A     2C5A        E     131A       0
                text4                              2BAE     2BAE       40     131A       0
                text3                              2A06     2A06       A6     131A       0
                text2                              2BEE     2BEE       28     131A       0
                text1                              2C48     2C48       12     131A       0
                text0                              2810     2810      108     131A       0
                cstackCOMRAM                        529      529       20      501       1
                bssBANK5                            560      560       20      560       1
                bssCOMRAM                           501      501       28      501       1
                cinit                              2C16     2C16       1E     131A       0
                nvCOMRAM                            549      549        B      501       1

TOTAL           Name                               Link     Load   Length     Space
        CLASS   CODE           
                init                              1FFFC    1FFFC        4         0
                reset_vec                             0        0        4         0
                text12                             2AAC     2AAC       98         0
                text11                             2B44     2B44       6A         0
                text10                             2918     2918       EE         0
                text9                              2634     2634      1DC         0
                text8                              2C34     2C34       14         0
                text7                              2C76     2C76        E         0
                text6                              2C68     2C68        E         0
                text5                              2C5A     2C5A        E         0
                text4                              2BAE     2BAE       40         0
                text3                              2A06     2A06       A6         0
                text2                              2BEE     2BEE       28         0
                text1                              2C48     2C48       12         0
                text0                              2810     2810      108         0
                cinit                              2C16     2C16       1E         0

        CLASS   CONST          

        CLASS   SMALLCONST     
                smallconst                         2600     2600       34         0

        CLASS   MEDIUMCONST    

        CLASS   COMRAM         
                cstackCOMRAM                        529      529       20         1
                bssCOMRAM                           501      501       28         1
                nvCOMRAM                            549      549        B         1

        CLASS   ABS1           

        CLASS   BIGRAM         

        CLASS   RAM            

        CLASS   BANK5          
                bssBANK5                            560      560       20         1

        CLASS   BANK6          

        CLASS   BANK7          

        CLASS   BANK8          

        CLASS   BANK9          

        CLASS   BANK10         

        CLASS   BANK11         

        CLASS   BANK12         

        CLASS   BANK13         

        CLASS   BANK14         

        CLASS   BANK15         

        CLASS   BANK16         

        CLASS   BANK17         

        CLASS   BANK18         

        CLASS   BANK19         

        CLASS   BANK20         

        CLASS   BANK21         

        CLASS   BANK22         

        CLASS   BANK23         

        CLASS   BANK24         

        CLASS   BANK25         

        CLASS   BANK26         

        CLASS   BANK27         

        CLASS   BANK28         

        CLASS   BANK29         

        CLASS   BANK30         

        CLASS   BANK31         

        CLASS   BANK32         

        CLASS   BANK33         

        CLASS   BANK34         

        CLASS   BANK35         

        CLASS   BANK36         

        CLASS   SFR            

        CLASS   BIGSFR         

        CLASS   CONFIG         
                config                           300000   300000        A         4

        CLASS   IDLOC          

        CLASS   EEDATA         

        CLASS   FARRAM         

        CLASS   HEAP           

        CLASS   STACK          



SEGMENTS        Name                           Load    Length   Top    Selector   Space  Class

                reset_vec                      000000  000004  000004         0       0  CODE    
                bssCOMRAM                      000501  000053  000554       501       1  COMRAM  
                bssBANK5                       000560  000020  000580       560       1  BANK5   
                smallconst                     002600  000034  002634      1300       0  SMALLCON
                text9                          002634  000650  002C84      131A       0  CODE    
                init                           01FFFC  000004  020000      FFFE       0  CODE    


UNUSED ADDRESS RANGES

        Name                Unused          Largest block    Delta
        BANK10           000A00-000AFF              100
        BANK11           000B00-000BFF              100
        BANK12           000C00-000CFF              100
        BANK13           000D00-000DFF              100
        BANK14           000E00-000EFF              100
        BANK15           000F00-000FFF              100
        BANK16           001000-0010FF              100
        BANK17           001100-0011FF              100
        BANK18           001200-0012FF              100
        BANK19           001300-0013FF              100
        BANK20           001400-0014FF              100
        BANK21           001500-0015FF              100
        BANK22           001600-0016FF              100
        BANK23           001700-0017FF              100
        BANK24           001800-0018FF              100
        BANK25           001900-0019FF              100
        BANK26           001A00-001AFF              100
        BANK27           001B00-001BFF              100
        BANK28           001C00-001CFF              100
        BANK29           001D00-001DFF              100
        BANK30           001E00-001EFF              100
        BANK31           001F00-001FFF              100
        BANK32           002000-0020FF              100
        BANK33           002100-0021FF              100
        BANK34           002200-0022FF              100
        BANK35           002300-0023FF              100
        BANK36           002400-0024FF              100
        BANK5            000580-0005FF               80
        BANK6            000600-0006FF              100
        BANK7            000700-0007FF              100
        BANK8            000800-0008FF              100
        BANK9            000900-0009FF              100
        BIGRAM           000554-00055F                C
                         000580-0024FF             1F80
        BIGSFR           000000-0004FF              500
                         002500-0025FF              100
        CODE             000004-0025FF             25FC
                         002C84-01FFFB            1D378
        COMRAM           000554-00055F                C
        CONFIG           30000A-300011                8
        CONST            000004-0025FF             25FC
                         002C84-01FFFB            1D378
        EEDATA           380000-3803FF              400
        IDLOC            200000-20003F               40
        MEDIUMCONST      002C84-00FFFF             D37C
                         012600-01FFFB             D9FC
        RAM              000580-0024FF              100
        SFR              000000-0004FF              100
                         002500-0025FF              100
        SMALLCONST       002C84-00FFFF              100
                         012600-01FFFB              100

                                  Symbol Table

?_GetGIOInport                            cstackCOMRAM 000529
?_GetPICSPIData                           cstackCOMRAM 000529
?_ReceiveFromRaspberryPI                  cstackCOMRAM 000531
GetGIOInport@d                            cstackCOMRAM 00052E
GetPICSPIData@Data                        cstackCOMRAM 00052D
GetPICSPIData@OutData                     cstackCOMRAM 000529
GetPICSPIData@i                           cstackCOMRAM 00052B
GetPICSPIData@k                           cstackCOMRAM 00052F
INT0_SetInterruptHandler@InterruptHandler cstackCOMRAM 000529
INT1_SetInterruptHandler@InterruptHandler cstackCOMRAM 000529
INT2_SetInterruptHandler@InterruptHandler cstackCOMRAM 000529
OutputGIOData@d                           cstackCOMRAM 000529
ReceiveFromRaspberryPI@CheckSum           cstackCOMRAM 000539
ReceiveFromRaspberryPI@Cmd                cstackCOMRAM 000531
ReceiveFromRaspberryPI@DataIn             cstackCOMRAM 000533
ReceiveFromRaspberryPI@DataLen            cstackCOMRAM 000540
ReceiveFromRaspberryPI@DataOut            cstackCOMRAM 000535
ReceiveFromRaspberryPI@Len                cstackCOMRAM 00053A
ReceiveFromRaspberryPI@d                  cstackCOMRAM 000542
ReceiveFromRaspberryPI@i                  cstackCOMRAM 00053E
ReceiveFromRaspberryPI@n                  cstackCOMRAM 00053C
_ACTCON                                   (abs)        0000AC
_ANSELA                                   (abs)        000400
_ANSELB                                   (abs)        000408
_ANSELC                                   (abs)        000410
_ANSELD                                   (abs)        000418
_ANSELE                                   (abs)        000420
_ANSELF                                   (abs)        000428
_CLOCK_Initialize                         text8        002C34
_GetGIOInport                             text12       002AAC
_GetGIOInport$873                         cstackCOMRAM 000530
_GetGIOInport$874                         cstackCOMRAM 000532
_GetGIOInport$875                         cstackCOMRAM 000534
_GetPICSPIData                            text10       002918
_INLVLA                                   (abs)        000404
_INLVLB                                   (abs)        00040C
_INLVLC                                   (abs)        000414
_INLVLD                                   (abs)        00041C
_INLVLE                                   (abs)        000424
_INLVLF                                   (abs)        00042C
_INT0_DefaultInterruptHandler             (abs)        000000
_INT0_InterruptHandler                    nvCOMRAM     00054F
_INT0_SetInterruptHandler                 text7        002C76
_INT1_DefaultInterruptHandler             (abs)        000000
_INT1_InterruptHandler                    nvCOMRAM     00054C
_INT1_SetInterruptHandler                 text6        002C68
_INT2_DefaultInterruptHandler             (abs)        000000
_INT2_InterruptHandler                    nvCOMRAM     000549
_INT2_SetInterruptHandler                 text5        002C5A
_INTCON0bits                              (abs)        0004D6
_INTERRUPT_Initialize                     text4        002BAE
_IOCAF                                    (abs)        000407
_IOCAN                                    (abs)        000406
_IOCAP                                    (abs)        000405
_IOCBF                                    (abs)        00040F
_IOCBN                                    (abs)        00040E
_IOCBP                                    (abs)        00040D
_IOCCF                                    (abs)        000417
_IOCCN                                    (abs)        000416
_IOCCP                                    (abs)        000415
_IOCEF                                    (abs)        000427
_IOCEN                                    (abs)        000426
_IOCEP                                    (abs)        000425
_LATA                                     (abs)        0004BE
_LATB                                     (abs)        0004BF
_LATC                                     (abs)        0004C0
_LATCbits                                 (abs)        0004C0
_LATD                                     (abs)        0004C1
_LATE                                     (abs)        0004C2
_LATF                                     (abs)        0004C3
_LATFbits                                 (abs)        0004C3
_LED_DataLen                              bssCOMRAM    000505
_LED_DataR                                bssCOMRAM    000507
_LED_DataW                                bssCOMRAM    000517
_LightA                                   bssCOMRAM    000503
_LightB                                   bssCOMRAM    000501
_ODCONA                                   (abs)        000402
_ODCONB                                   (abs)        00040A
_ODCONC                                   (abs)        000412
_ODCOND                                   (abs)        00041A
_ODCONE                                   (abs)        000422
_ODCONF                                   (abs)        00042A
_OSCCON1                                  (abs)        0000AD
_OSCCON3                                  (abs)        0000AF
_OSCEN                                    (abs)        0000B3
_OSCFRQ                                   (abs)        0000B1
_OSCTUNE                                  (abs)        0000B0
_OutputGIOData                            text11       002B44
_PIE5bits                                 (abs)        0004A3
_PIN_MANAGER_Initialize                   text3        002A06
_PIR10bits                                (abs)        0004B8
_PIR1bits                                 (abs)        0004AF
_PIR5bits                                 (abs)        0004B3
_PIR6bits                                 (abs)        0004B4
_PORTAbits                                (abs)        0004CE
_PORTFbits                                (abs)        0004D3
_RB1I2C                                   (abs)        000289
_RB2I2C                                   (abs)        000288
_RC3I2C                                   (abs)        000287
_RC4I2C                                   (abs)        000286
_RD0PPS                                   (abs)        000219
_RD1PPS                                   (abs)        00021A
_RPI_Cmd                                  bssCOMRAM    000527
_RPI_DataLen                              nvCOMRAM     000552
_RPI_InData                               bssBANK5     000570
_RPI_OutData                              bssBANK5     000560
_ReceiveFromRaspberryPI                   text9        002634
_SLRCONA                                  (abs)        000403
_SLRCONB                                  (abs)        00040B
_SLRCONC                                  (abs)        000413
_SLRCOND                                  (abs)        00041B
_SLRCONE                                  (abs)        000423
_SLRCONF                                  (abs)        00042B
_SPI2                                     smallconst   002601
_SPI2BAUD                                 (abs)        000096
_SPI2CLK                                  (abs)        000099
_SPI2CON0                                 (abs)        000091
_SPI2CON0bits                             (abs)        000091
_SPI2CON1                                 (abs)        000092
_SPI2CON2                                 (abs)        000093
_SPI2INTE                                 (abs)        000098
_SPI2INTF                                 (abs)        000097
_SPI2INTFbits                             (abs)        000097
_SPI2RXB                                  (abs)        00008D
_SPI2SCKPPS                               (abs)        00026D
_SPI2SDIPPS                               (abs)        00026E
_SPI2STATUS                               (abs)        000094
_SPI2STATUSbits                           (abs)        000094
_SPI2TCNTH                                (abs)        000090
_SPI2TCNTL                                (abs)        00008F
_SPI2TWIDTH                               (abs)        000095
_SPI2TXB                                  (abs)        00008E
_SPI2_BufferExchange                      (abs)        000000
_SPI2_BufferRead                          (abs)        000000
_SPI2_BufferWrite                         (abs)        000000
_SPI2_ByteExchange                        (abs)        000000
_SPI2_ByteRead                            (abs)        000000
_SPI2_ByteWrite                           (abs)        000000
_SPI2_Close                               (abs)        000000
_SPI2_Deinitialize                        (abs)        000000
_SPI2_Initialize                          text2        002BEE
_SPI2_IsRxReady                           (abs)        000000
_SPI2_IsTxReady                           (abs)        000000
_SPI2_Open                                (abs)        000000
_SPI2_Transfer                            (abs)        000000
_SYSTEM_Initialize                        text1        002C48
_TRISA                                    (abs)        0004C6
_TRISB                                    (abs)        0004C7
_TRISC                                    (abs)        0004C8
_TRISCbits                                (abs)        0004C8
_TRISD                                    (abs)        0004C9
_TRISE                                    (abs)        0004CA
_TRISF                                    (abs)        0004CB
_WPUA                                     (abs)        000401
_WPUB                                     (abs)        000409
_WPUC                                     (abs)        000411
_WPUD                                     (abs)        000419
_WPUE                                     (abs)        000421
_WPUF                                     (abs)        000429
__HRAM                                    (abs)        000000
__H__absolute__                           __absolute__ 000000
__Habs1                                   abs1         000000
__Hbank10                                 bank10       000000
__Hbank11                                 bank11       000000
__Hbank12                                 bank12       000000
__Hbank13                                 bank13       000000
__Hbank14                                 bank14       000000
__Hbank15                                 bank15       000000
__Hbank16                                 bank16       000000
__Hbank17                                 bank17       000000
__Hbank18                                 bank18       000000
__Hbank19                                 bank19       000000
__Hbank20                                 bank20       000000
__Hbank21                                 bank21       000000
__Hbank22                                 bank22       000000
__Hbank23                                 bank23       000000
__Hbank24                                 bank24       000000
__Hbank25                                 bank25       000000
__Hbank26                                 bank26       000000
__Hbank27                                 bank27       000000
__Hbank28                                 bank28       000000
__Hbank29                                 bank29       000000
__Hbank30                                 bank30       000000
__Hbank31                                 bank31       000000
__Hbank32                                 bank32       000000
__Hbank33                                 bank33       000000
__Hbank34                                 bank34       000000
__Hbank35                                 bank35       000000
__Hbank36                                 bank36       000000
__Hbank5                                  bank5        000000
__Hbank6                                  bank6        000000
__Hbank7                                  bank7        000000
__Hbank8                                  bank8        000000
__Hbank9                                  bank9        000000
__Hbigbss                                 bigbss       000000
__Hbigdata                                bigdata      000000
__Hbigram                                 bigram       000000
__Hbigsfr                                 bigsfr       000000
__Hbss                                    bss          000000
__HbssBANK5                               bssBANK5     000000
__HbssCOMRAM                              bssCOMRAM    000000
__Hcinit                                  cinit        000000
__Hclrtext                                clrtext      000000
__Hcomram                                 comram       000000
__Hconfig                                 config       30000A
__Hconst                                  const        000000
__HcstackCOMRAM                           cstackCOMRAM 000000
__Hdata                                   data         000000
__Heeprom_data                            eeprom_data  000000
__Hfarbss                                 farbss       000000
__Hfardata                                fardata      000000
__Hheap                                   heap         000000
__Hibigdata                               ibigdata     000000
__Hidata                                  idata        000000
__Hidloc                                  idloc        000000
__Hifardata                               ifardata     000000
__Hinit                                   init         020000
__Hintsave_regs                           intsave_regs 000000
__Hirdata                                 irdata       000000
__Hmediumconst                            mediumconst  000000
__HnvCOMRAM                               nvCOMRAM     000000
__HnvFARRAM                               nvFARRAM     000000
__Hnvbit                                  nvbit        000000
__Hnvrram                                 nvrram       000000
__Hparam                                  rparam       000000
__Hpowerup                                powerup      000000
__Hram                                    ram          000000
__Hramtop                                 ramtop       002600
__Hrbit                                   rbit         000000
__Hrbss                                   rbss         000000
__Hrdata                                  rdata        000000
__Hreset_vec                              reset_vec    000004
__Hrparam                                 rparam       000000
__Hsfr                                    sfr          000000
__Hsmallconst                             smallconst   002634
__Hspace_0                                (abs)        020000
__Hspace_1                                (abs)        000580
__Hspace_2                                (abs)        000000
__Hspace_4                                (abs)        60000A
__Hstack                                  stack        000000
__Hstruct                                 struct       000000
__Htemp                                   temp         000000
__Htext                                   text         000000
__Htext0                                  text0        000000
__Htext1                                  text1        000000
__Htext10                                 text10       000000
__Htext11                                 text11       000000
__Htext12                                 text12       000000
__Htext2                                  text2        000000
__Htext3                                  text3        000000
__Htext4                                  text4        000000
__Htext5                                  text5        000000
__Htext6                                  text6        000000
__Htext7                                  text7        000000
__Htext8                                  text8        000000
__Htext9                                  text9        000000
__LRAM                                    (abs)        000001
__L__absolute__                           __absolute__ 000000
__Labs1                                   abs1         000000
__Lbank10                                 bank10       000000
__Lbank11                                 bank11       000000
__Lbank12                                 bank12       000000
__Lbank13                                 bank13       000000
__Lbank14                                 bank14       000000
__Lbank15                                 bank15       000000
__Lbank16                                 bank16       000000
__Lbank17                                 bank17       000000
__Lbank18                                 bank18       000000
__Lbank19                                 bank19       000000
__Lbank20                                 bank20       000000
__Lbank21                                 bank21       000000
__Lbank22                                 bank22       000000
__Lbank23                                 bank23       000000
__Lbank24                                 bank24       000000
__Lbank25                                 bank25       000000
__Lbank26                                 bank26       000000
__Lbank27                                 bank27       000000
__Lbank28                                 bank28       000000
__Lbank29                                 bank29       000000
__Lbank30                                 bank30       000000
__Lbank31                                 bank31       000000
__Lbank32                                 bank32       000000
__Lbank33                                 bank33       000000
__Lbank34                                 bank34       000000
__Lbank35                                 bank35       000000
__Lbank36                                 bank36       000000
__Lbank5                                  bank5        000000
__Lbank6                                  bank6        000000
__Lbank7                                  bank7        000000
__Lbank8                                  bank8        000000
__Lbank9                                  bank9        000000
__Lbigbss                                 bigbss       000000
__Lbigdata                                bigdata      000000
__Lbigram                                 bigram       000000
__Lbigsfr                                 bigsfr       000000
__Lbss                                    bss          000000
__LbssBANK5                               bssBANK5     000000
__LbssCOMRAM                              bssCOMRAM    000000
__Lcinit                                  cinit        000000
__Lclrtext                                clrtext      000000
__Lcomram                                 comram       000000
__Lconfig                                 config       000000
__Lconst                                  const        000000
__LcstackCOMRAM                           cstackCOMRAM 000000
__Ldata                                   data         000000
__Leeprom_data                            eeprom_data  000000
__Lfarbss                                 farbss       000000
__Lfardata                                fardata      000000
__Lheap                                   heap         000000
__Libigdata                               ibigdata     000000
__Lidata                                  idata        000000
__Lidloc                                  idloc        000000
__Lifardata                               ifardata     000000
__Linit                                   init         01FFFC
__Lintsave_regs                           intsave_regs 000000
__Lirdata                                 irdata       000000
__Lmediumconst                            mediumconst  000000
__LnvCOMRAM                               nvCOMRAM     000000
__LnvFARRAM                               nvFARRAM     000000
__Lnvbit                                  nvbit        000000
__Lnvrram                                 nvrram       000000
__Lparam                                  rparam       000000
__Lpowerup                                powerup      000000
__Lram                                    ram          000000
__Lramtop                                 ramtop       002600
__Lrbit                                   rbit         000000
__Lrbss                                   rbss         000000
__Lrdata                                  rdata        000000
__Lreset_vec                              reset_vec    000000
__Lrparam                                 rparam       000000
__Lsfr                                    sfr          000000
__Lsmallconst                             smallconst   002600
__Lspace_0                                (abs)        000000
__Lspace_1                                (abs)        000000
__Lspace_2                                (abs)        000000
__Lspace_4                                (abs)        000000
__Lstack                                  stack        000000
__Lstruct                                 struct       000000
__Ltemp                                   temp         000000
__Ltext                                   text         000000
__Ltext0                                  text0        000000
__Ltext1                                  text1        000000
__Ltext10                                 text10       000000
__Ltext11                                 text11       000000
__Ltext12                                 text12       000000
__Ltext2                                  text2        000000
__Ltext3                                  text3        000000
__Ltext4                                  text4        000000
__Ltext5                                  text5        000000
__Ltext6                                  text6        000000
__Ltext7                                  text7        000000
__Ltext8                                  text8        000000
__Ltext9                                  text9        000000
__S0                                      (abs)        020000
__S1                                      (abs)        000580
__S4                                      (abs)        000000
__S5                                      (abs)        000000
___heap_hi                                (abs)        000000
___heap_lo                                (abs)        000000
___inthi_sp                               stack        000000
___inthi_stack_hi                         stack        000000
___inthi_stack_lo                         stack        000000
___intlo_sp                               stack        000000
___intlo_stack_hi                         stack        000000
___intlo_stack_lo                         stack        000000
___param_bank                             (abs)        000000
___rparam_used                            (abs)        000001
___sp                                     stack        000000
___stack_hi                               stack        000000
___stack_lo                               stack        000000
__accesstop                               (abs)        000560
__activetblptr                            (abs)        000003
__end_of_CLOCK_Initialize                 text8        002C48
__end_of_GetGIOInport                     text12       002B44
__end_of_GetPICSPIData                    text10       002A06
__end_of_INT0_SetInterruptHandler         text7        002C84
__end_of_INT1_SetInterruptHandler         text6        002C76
__end_of_INT2_SetInterruptHandler         text5        002C68
__end_of_INTERRUPT_Initialize             text4        002BEE
__end_of_OutputGIOData                    text11       002BAE
__end_of_PIN_MANAGER_Initialize           text3        002AAC
__end_of_ReceiveFromRaspberryPI           text9        002810
__end_of_SPI2                             smallconst   00262E
__end_of_SPI2_Initialize                  text2        002C16
__end_of_SYSTEM_Initialize                text1        002C5A
__end_of__initialization                  cinit        002C2E
__end_of_main                             text0        002918
__end_of_spi2_configuration               smallconst   002633
__initialization                          cinit        002C16
__mediumconst                             smallconst   002600
__pbssBANK5                               bssBANK5     000560
__pbssCOMRAM                              bssCOMRAM    000501
__pcinit                                  cinit        002C16
__pcstackCOMRAM                           cstackCOMRAM 000529
__pnvCOMRAM                               nvCOMRAM     000549
__psmallconst                             smallconst   002600
__ptext0                                  text0        002810
__ptext1                                  text1        002C48
__ptext10                                 text10       002918
__ptext11                                 text11       002B44
__ptext12                                 text12       002AAC
__ptext2                                  text2        002BEE
__ptext3                                  text3        002A06
__ptext4                                  text4        002BAE
__ptext5                                  text5        002C5A
__ptext6                                  text6        002C68
__ptext7                                  text7        002C76
__ptext8                                  text8        002C34
__ptext9                                  text9        002634
__ramtop                                  ramtop       002600
__smallconst                              smallconst   002600
_main                                     text0        002810
_spi2_configuration                       smallconst   00262E
end_of_initialization                     cinit        002C2E
intlevel0                                 text         000000
intlevel1                                 text         000000
intlevel2                                 text         000000
intlevel3                                 text         000000
isa$std                                   (abs)        000001
isa$xinst                                 (abs)        000000
main@OutCheckSum                          cstackCOMRAM 000546
main@TestLED                              cstackCOMRAM 000547
stackhi                                   (abs)        000000
stacklo                                   (abs)        000000
start                                     init         01FFFC
start_initialization                      cinit        002C16


MODULE INFORMATION

Module		Function		Class		Link	Load	Size
mcc_generated_files/system/src/interrupt.c
		_INT0_SetInterruptHandler		CODE           	2C76	0000	14
		_INT1_SetInterruptHandler		CODE           	2C68	0000	14
		_INT2_SetInterruptHandler		CODE           	2C5A	0000	14
		_INTERRUPT_Initialize		CODE           	2BAE	0000	64

mcc_generated_files/system/src/interrupt.c estimated size: 106

mcc_generated_files/spi/src/spi2.c
		_SPI2_Initialize		CODE           	2BEE	0000	40

mcc_generated_files/spi/src/spi2.c estimated size: 40

mcc_generated_files/system/src/pins.c
		_PIN_MANAGER_Initialize		CODE           	2A06	0000	166

mcc_generated_files/system/src/pins.c estimated size: 166

shared
		_SPI2          		SMALLCONST     	2601	0000	45
		__initialization		CODE           	2C16	0000	24
		_spi2_configuration		SMALLCONST     	262E	0000	5

shared estimated size: 74

mcc_generated_files/system/src/clock.c
		_CLOCK_Initialize		CODE           	2C34	0000	20

mcc_generated_files/system/src/clock.c estimated size: 20

main.c
		_ReceiveFromRaspberryPI		CODE           	2634	0000	476
		_OutputGIOData 		CODE           	2B44	0000	106
		_GetGIOInport  		CODE           	2AAC	0000	152
		_main          		CODE           	2810	0000	264
		_GetPICSPIData 		CODE           	2918	0000	238

main.c estimated size: 1236

mcc_generated_files/system/src/system.c
		_SYSTEM_Initialize		CODE           	2C48	0000	18

mcc_generated_files/system/src/system.c estimated size: 18

