Microchip MPLAB XC8 Compiler V2.40

Linker command line:

-W-3 \
  --edf=C:\Program Files\Microchip\xc8\v2.40\pic\dat\20220703182018_en.msgs \
  -cn -h+dist/default/production\LEDControl16HPIC.X.production.sym \
  --cmf=dist/default/production\LEDControl16HPIC.X.production.cmf -z \
  -Q18F57Q43 -oC:\Users\ms441\AppData\Local\Temp\xcAs1mtk.4 \
  --defsym=__MPLAB_BUILD=1 --fixupoverflow=error \
  -Mdist/default/production/LEDControl16HPIC.X.production.map \
  --md=C:\Users\ms441\AppData\Local\Temp\xcAs1mtk.dat -E1 -ver=XC8 Compiler \
  --acfsm=1493 -ACODE=00h-01FFFFh -ACONST=00h-01FFFFh \
  -ASMALLCONST=02600h-026FFhx474 \
  -AMEDIUMCONST=02600h-0FFFFh,012600h-01FFFFh -ACOMRAM=0501h-055Fh \
  -AABS1=0500h-024FFh -ABIGRAM=0501h-024FFh \
  -ARAM=0560h-05FFh,0600h-06FFhx31 -ABANK5=0560h-05FFh -ABANK6=0600h-06FFh \
  -ABANK7=0700h-07FFh -ABANK8=0800h-08FFh -ABANK9=0900h-09FFh \
  -ABANK10=0A00h-0AFFh -ABANK11=0B00h-0BFFh -ABANK12=0C00h-0CFFh \
  -ABANK13=0D00h-0DFFh -ABANK14=0E00h-0EFFh -ABANK15=0F00h-0FFFh \
  -ABANK16=01000h-010FFh -ABANK17=01100h-011FFh -ABANK18=01200h-012FFh \
  -ABANK19=01300h-013FFh -ABANK20=01400h-014FFh -ABANK21=01500h-015FFh \
  -ABANK22=01600h-016FFh -ABANK23=01700h-017FFh -ABANK24=01800h-018FFh \
  -ABANK25=01900h-019FFh -ABANK26=01A00h-01AFFh -ABANK27=01B00h-01BFFh \
  -ABANK28=01C00h-01CFFh -ABANK29=01D00h-01DFFh -ABANK30=01E00h-01EFFh \
  -ABANK31=01F00h-01FFFh -ABANK32=02000h-020FFh -ABANK33=02100h-021FFh \
  -ABANK34=02200h-022FFh -ABANK35=02300h-023FFh -ABANK36=02400h-024FFh \
  -ASFR=00h-0FFhx4,0400h-045Fh,0460h-04FFh,02500h-025FFh \
  -ABIGSFR=00h-04FFh,02500h-025FFh -ACONFIG=0300000h-0300011h \
  -AIDLOC=0200000h-020003Fh -AEEDATA=0380000h-03803FFh -peeprom_data=EEDATA \
  -preset_vec=00h -ppowerup=CODE,init -pramtop=02600h \
  -psmallconst=SMALLCONST -pmediumconst=MEDIUMCONST -pconst=CONST \
  -AFARRAM=00h-00h \
  -prdata=COMRAM,nvrram=COMRAM,nvbit=COMRAM,rbss=COMRAM,rbit=COMRAM \
  -pfarbss=FARRAM,fardata=FARRAM,nvFARRAM=FARRAM \
  -pintsave_regs=BIGRAM,bigbss=BIGRAM,bigdata=BIGRAM -pbss=RAM \
  -pidata=CODE,irdata=CODE,ibigdata=CODE,ifardata=CODE -prparam=COMRAM \
  C:\Users\ms441\AppData\Local\Temp\xcAs1mtk.o \
  dist/default/production\LEDControl16HPIC.X.production.o 

Object code version is 3.11

Machine type is 18F57Q43



                Name                               Link     Load   Length Selector   Space Scale
C:\Users\ms441\AppData\Local\Temp\xcAs1mtk.o
                idloc                            200000   200000       40        0       5
                config                           300000   300000        A        0       4
                init                              1FFFC    1FFFC        4     FFFE       0
                reset_vec                             0        0        4        0       0
dist/default/production\LEDControl16HPIC.X.production.o
                idloc                            200000   200000       40        0       5
                config                           300000   300000        A        0       4
                smallconst                         2600     2600        8     1300       0
                text27                             337C     337C       18     1304       0
                text26                             3364     3364       18     1304       0
                text25                             2A6C     2A6C      114     1304       0
                text24                             318C     318C       68     1304       0
                text23                             3250     3250       44     1304       0
                text22                             334C     334C       18     1304       0
                text21                             2CF8     2CF8       BA     1304       0
                text20                             2DB2     2DB2       B4     1304       0
                text19                             2C3E     2C3E       BA     1304       0
                text18                             2E66     2E66       9A     1304       0
                text17                             3294     3294       26     1304       0
                text16                             309C     309C       7C     1304       0
                text15                             3020     3020       7C     1304       0
                text14                             2608     2608      266     1304       0
                text13                             2F00     2F00       98     1304       0
                text12                             3394     3394       16     1304       0
                text11                             2F98     2F98       88     1304       0
                text10                             31F4     31F4       5C     1304       0
                text9                              32FC     32FC       1C     1304       0
                text8                              2B80     2B80       BE     1304       0
                text7                              32BA     32BA       24     1304       0
                text6                              3332     3332       1A     1304       0
                text5                              33C6     33C6        E     1304       0
                text4                              33B8     33B8        E     1304       0
                text3                              33AA     33AA        E     1304       0
                text2                              3118     3118       74     1304       0
                text1                              3318     3318       1A     1304       0
                text0                              286E     286E      1FE     1304       0
                cstackCOMRAM                        501      501       3D      501       1
                bssBANK5                            560      560       50      560       1
                bssCOMRAM                           547      547        6      501       1
                cinit                              32DE     32DE       1E     1304       0
                nvCOMRAM                            53E      53E        9      501       1

TOTAL           Name                               Link     Load   Length     Space
        CLASS   CODE           
                init                              1FFFC    1FFFC        4         0
                reset_vec                             0        0        4         0
                text27                             337C     337C       18         0
                text26                             3364     3364       18         0
                text25                             2A6C     2A6C      114         0
                text24                             318C     318C       68         0
                text23                             3250     3250       44         0
                text22                             334C     334C       18         0
                text21                             2CF8     2CF8       BA         0
                text20                             2DB2     2DB2       B4         0
                text19                             2C3E     2C3E       BA         0
                text18                             2E66     2E66       9A         0
                text17                             3294     3294       26         0
                text16                             309C     309C       7C         0
                text15                             3020     3020       7C         0
                text14                             2608     2608      266         0
                text13                             2F00     2F00       98         0
                text12                             3394     3394       16         0
                text11                             2F98     2F98       88         0
                text10                             31F4     31F4       5C         0
                text9                              32FC     32FC       1C         0
                text8                              2B80     2B80       BE         0
                text7                              32BA     32BA       24         0
                text6                              3332     3332       1A         0
                text5                              33C6     33C6        E         0
                text4                              33B8     33B8        E         0
                text3                              33AA     33AA        E         0
                text2                              3118     3118       74         0
                text1                              3318     3318       1A         0
                text0                              286E     286E      1FE         0
                cinit                              32DE     32DE       1E         0

        CLASS   CONST          

        CLASS   SMALLCONST     
                smallconst                         2600     2600        8         0

        CLASS   MEDIUMCONST    

        CLASS   COMRAM         
                cstackCOMRAM                        501      501       3D         1
                bssCOMRAM                           547      547        6         1
                nvCOMRAM                            53E      53E        9         1

        CLASS   ABS1           

        CLASS   BIGRAM         

        CLASS   RAM            

        CLASS   BANK5          
                bssBANK5                            560      560       50         1

        CLASS   BANK6          

        CLASS   BANK7          

        CLASS   BANK8          

        CLASS   BANK9          

        CLASS   BANK10         

        CLASS   BANK11         

        CLASS   BANK12         

        CLASS   BANK13         

        CLASS   BANK14         

        CLASS   BANK15         

        CLASS   BANK16         

        CLASS   BANK17         

        CLASS   BANK18         

        CLASS   BANK19         

        CLASS   BANK20         

        CLASS   BANK21         

        CLASS   BANK22         

        CLASS   BANK23         

        CLASS   BANK24         

        CLASS   BANK25         

        CLASS   BANK26         

        CLASS   BANK27         

        CLASS   BANK28         

        CLASS   BANK29         

        CLASS   BANK30         

        CLASS   BANK31         

        CLASS   BANK32         

        CLASS   BANK33         

        CLASS   BANK34         

        CLASS   BANK35         

        CLASS   BANK36         

        CLASS   SFR            

        CLASS   BIGSFR         

        CLASS   CONFIG         
                config                           300000   300000        A         4

        CLASS   IDLOC          
                idloc                            200000   200000       40         5

        CLASS   EEDATA         

        CLASS   FARRAM         

        CLASS   HEAP           

        CLASS   STACK          



SEGMENTS        Name                           Load    Length   Top    Selector   Space  Class

                reset_vec                      000000  000004  000004         0       0  CODE    
                cstackCOMRAM                   000501  00004C  00054D       501       1  COMRAM  
                bssBANK5                       000560  000050  0005B0       560       1  BANK5   
                smallconst                     002600  000008  002608      1300       0  SMALLCON
                text14                         002608  000DCC  0033D4      1304       0  CODE    
                init                           01FFFC  000004  020000      FFFE       0  CODE    


UNUSED ADDRESS RANGES

        Name                Unused          Largest block    Delta
        BANK10           000A00-000AFF              100
        BANK11           000B00-000BFF              100
        BANK12           000C00-000CFF              100
        BANK13           000D00-000DFF              100
        BANK14           000E00-000EFF              100
        BANK15           000F00-000FFF              100
        BANK16           001000-0010FF              100
        BANK17           001100-0011FF              100
        BANK18           001200-0012FF              100
        BANK19           001300-0013FF              100
        BANK20           001400-0014FF              100
        BANK21           001500-0015FF              100
        BANK22           001600-0016FF              100
        BANK23           001700-0017FF              100
        BANK24           001800-0018FF              100
        BANK25           001900-0019FF              100
        BANK26           001A00-001AFF              100
        BANK27           001B00-001BFF              100
        BANK28           001C00-001CFF              100
        BANK29           001D00-001DFF              100
        BANK30           001E00-001EFF              100
        BANK31           001F00-001FFF              100
        BANK32           002000-0020FF              100
        BANK33           002100-0021FF              100
        BANK34           002200-0022FF              100
        BANK35           002300-0023FF              100
        BANK36           002400-0024FF              100
        BANK5            0005B0-0005FF               50
        BANK6            000600-0006FF              100
        BANK7            000700-0007FF              100
        BANK8            000800-0008FF              100
        BANK9            000900-0009FF              100
        BIGRAM           00054D-00055F               13
                         0005B0-0024FF             1F50
        BIGSFR           000000-0004FF              500
                         002500-0025FF              100
        CODE             000004-0025FF             25FC
                         0033D4-01FFFB            1CC28
        COMRAM           00054D-00055F               13
        CONFIG           30000A-300011                8
        CONST            000004-0025FF             25FC
                         0033D4-01FFFB            1CC28
        EEDATA           380000-3803FF              400
        MEDIUMCONST      0033D4-00FFFF             CC2C
                         012600-01FFFB             D9FC
        RAM              0005B0-0024FF              100
        SFR              000000-0004FF              100
                         002500-0025FF              100
        SMALLCONST       0033D4-01FFFB              100

                                  Symbol Table

?_ADCC_GetConversionResult                    cstackCOMRAM 000501
?___wmul                                      cstackCOMRAM 000501
FPGA_CLK@d                                    cstackCOMRAM 000501
FPGA_CS@d                                     cstackCOMRAM 000501
FPGA_GetBuff@Address                          cstackCOMRAM 000512
FPGA_GetBuff@Cmd                              cstackCOMRAM 000510
FPGA_GetBuff@DataLen                          cstackCOMRAM 000516
FPGA_GetBuff@data                             cstackCOMRAM 000514
FPGA_GetBuff@i                                cstackCOMRAM 000519
FPGA_GetData@d                                cstackCOMRAM 00050F
FPGA_LightON@ONMode                           cstackCOMRAM 00050E
FPGA_LightON@data                             cstackCOMRAM 000515
FPGA_SetAddress@Address                       cstackCOMRAM 000501
FPGA_SetBuff@Address                          cstackCOMRAM 000505
FPGA_SetBuff@Cmd                              cstackCOMRAM 000503
FPGA_SetBuff@DataLen                          cstackCOMRAM 000509
FPGA_SetBuff@data                             cstackCOMRAM 000507
FPGA_SetBuff@i                                cstackCOMRAM 00050C
FPGA_SetCmd@Cmd                               cstackCOMRAM 000501
FPGA_SetData@d                                cstackCOMRAM 000501
FPGA_SetLightBaseCounter@data                 cstackCOMRAM 000512
FPGA_SetLightBaseCounter@n                    cstackCOMRAM 00050E
FPGA_SetLightHighCounter@data                 cstackCOMRAM 000512
FPGA_SetLightHighCounter@n                    cstackCOMRAM 00050E
FPGA_SetLightMask@data                        cstackCOMRAM 00050E
FPGA_SetMode@data                             cstackCOMRAM 000514
FPGA_SetRW@d                                  cstackCOMRAM 000501
GetADFromLight@Address                        cstackCOMRAM 000505
GetADFromLight@SelEN                          cstackCOMRAM 000507
UART1_SetErrorHandler@interruptHandler        cstackCOMRAM 000501
UART1_SetFramingErrorHandler@interruptHandler cstackCOMRAM 000501
UART1_SetOverrunErrorHandler@interruptHandler cstackCOMRAM 000501
_ACTCON                                       (abs)        0000AC
_ADACCH                                       (abs)        0003E4
_ADACCL                                       (abs)        0003E3
_ADACCU                                       (abs)        0003E5
_ADACQH                                       (abs)        0003EF
_ADACQL                                       (abs)        0003EE
_ADACT                                        (abs)        0003F9
_ADCAP                                        (abs)        0003F0
_ADCC_GetConversionResult                     text12       003394
_ADCC_Initialize                              text10       0031F4
_ADCLK                                        (abs)        0003FA
_ADCNT                                        (abs)        0003E6
_ADCON0                                       (abs)        0003F3
_ADCON0bits                                   (abs)        0003F3
_ADCON1                                       (abs)        0003F4
_ADCON1bits                                   (abs)        0003F4
_ADCON2                                       (abs)        0003F5
_ADCON2bits                                   (abs)        0003F5
_ADCON3                                       (abs)        0003F6
_ADCON3bits                                   (abs)        0003F6
_ADERRH                                       (abs)        0003DE
_ADERRL                                       (abs)        0003DD
_ADFLTRH                                      (abs)        0003E2
_ADFLTRL                                      (abs)        0003E1
_ADLTHH                                       (abs)        0003DA
_ADLTHL                                       (abs)        0003D9
_ADPCH                                        (abs)        0003EC
_ADPREH                                       (abs)        0003F2
_ADPREL                                       (abs)        0003F1
_ADPREVH                                      (abs)        0003E9
_ADPREVL                                      (abs)        0003E8
_ADREF                                        (abs)        0003F8
_ADRESH                                       (abs)        0003EB
_ADRESL                                       (abs)        0003EA
_ADRPT                                        (abs)        0003E7
_ADSTAT                                       (abs)        0003F7
_ADSTATbits                                   (abs)        0003F7
_ADSTPTH                                      (abs)        0003E0
_ADSTPTL                                      (abs)        0003DF
_ADUTHH                                       (abs)        0003DC
_ADUTHL                                       (abs)        0003DB
_ANSELA                                       (abs)        000400
_ANSELB                                       (abs)        000408
_ANSELC                                       (abs)        000410
_ANSELD                                       (abs)        000418
_ANSELE                                       (abs)        000420
_ANSELF                                       (abs)        000428
_CurrentPatternData                           bssBANK5     000560
_DipSW                                        bssCOMRAM    000547
_FPGA_CLK                                     text27       00337C
_FPGA_CS                                      text26       003364
_FPGA_GetBuff                                 text21       002CF8
_FPGA_GetData                                 text25       002A6C
_FPGA_GetData$1031                            cstackCOMRAM 000501
_FPGA_GetData$1032                            cstackCOMRAM 000503
_FPGA_GetData$1033                            cstackCOMRAM 000505
_FPGA_GetData$1034                            cstackCOMRAM 000507
_FPGA_GetData$1035                            cstackCOMRAM 000509
_FPGA_GetData$1036                            cstackCOMRAM 00050B
_FPGA_GetData$1037                            cstackCOMRAM 00050D
_FPGA_LightON                                 text18       002E66
_FPGA_LightON$1091                            cstackCOMRAM 00050F
_FPGA_LightON$1092                            cstackCOMRAM 000511
_FPGA_LightON$1093                            cstackCOMRAM 000513
_FPGA_SetAddress                              text24       00318C
_FPGA_SetBuff                                 text19       002C3E
_FPGA_SetCmd                                  text23       003250
_FPGA_SetData                                 text20       002DB2
_FPGA_SetLightBaseCounter                     text16       00309C
_FPGA_SetLightHighCounter                     text15       003020
_FPGA_SetLightMask                            text14       002608
_FPGA_SetLightMask$1069                       cstackCOMRAM 000510
_FPGA_SetLightMask$1070                       cstackCOMRAM 000512
_FPGA_SetLightMask$1071                       cstackCOMRAM 000514
_FPGA_SetLightMask$1072                       cstackCOMRAM 000516
_FPGA_SetLightMask$1073                       cstackCOMRAM 000518
_FPGA_SetLightMask$1074                       cstackCOMRAM 00051A
_FPGA_SetLightMask$1075                       cstackCOMRAM 00051C
_FPGA_SetLightMask$1076                       cstackCOMRAM 00051E
_FPGA_SetLightMask$1077                       cstackCOMRAM 000520
_FPGA_SetLightMask$1078                       cstackCOMRAM 000522
_FPGA_SetLightMask$1079                       cstackCOMRAM 000524
_FPGA_SetLightMask$1080                       cstackCOMRAM 000526
_FPGA_SetLightMask$1081                       cstackCOMRAM 000528
_FPGA_SetLightMask$1082                       cstackCOMRAM 00052A
_FPGA_SetMode                                 text13       002F00
_FPGA_SetMode$1085                            cstackCOMRAM 00050E
_FPGA_SetMode$1086                            cstackCOMRAM 000510
_FPGA_SetMode$1087                            cstackCOMRAM 000512
_FPGA_SetRW                                   text22       00334C
_GetADFromLight                               text11       002F98
_INLVLA                                       (abs)        000404
_INLVLB                                       (abs)        00040C
_INLVLC                                       (abs)        000414
_INLVLD                                       (abs)        00041C
_INLVLE                                       (abs)        000424
_INLVLF                                       (abs)        00042C
_LATA                                         (abs)        0004BE
_LATAbits                                     (abs)        0004BE
_LATB                                         (abs)        0004BF
_LATBbits                                     (abs)        0004BF
_LATC                                         (abs)        0004C0
_LATCbits                                     (abs)        0004C0
_LATD                                         (abs)        0004C1
_LATDbits                                     (abs)        0004C1
_LATE                                         (abs)        0004C2
_LATEbits                                     (abs)        0004C2
_LATF                                         (abs)        0004C3
_ODCONA                                       (abs)        000402
_ODCONB                                       (abs)        00040A
_ODCONC                                       (abs)        000412
_ODCOND                                       (abs)        00041A
_ODCONE                                       (abs)        000422
_ODCONF                                       (abs)        00042A
_OSCCON1                                      (abs)        0000AD
_OSCCON3                                      (abs)        0000AF
_OSCEN                                        (abs)        0000B3
_OSCFRQ                                       (abs)        0000B1
_OSCILLATOR_Initialize                        text9        0032FC
_OSCTUNE                                      (abs)        0000B0
_PIN_MANAGER_Initialize                       text8        002B80
_PIR3bits                                     (abs)        0004B1
_PIR4bits                                     (abs)        0004B2
_PMD0                                         (abs)        000060
_PMD1                                         (abs)        000061
_PMD3                                         (abs)        000063
_PMD4                                         (abs)        000064
_PMD5                                         (abs)        000065
_PMD6                                         (abs)        000066
_PMD7                                         (abs)        000067
_PMD8                                         (abs)        000068
_PMD_Initialize                               text7        0032BA
_PORTFbits                                    (abs)        0004D3
_RB1I2C                                       (abs)        000289
_RB2I2C                                       (abs)        000288
_RC3I2C                                       (abs)        000287
_RC3PPS                                       (abs)        000214
_RC4I2C                                       (abs)        000286
_RC5PPS                                       (abs)        000216
_RC6PPS                                       (abs)        000217
_RegPLSEnable                                 bssCOMRAM    00054A
_RegPulseOutMode                              bssCOMRAM    000549
_RegTestLED                                   bssCOMRAM    00054B
_SLRCONA                                      (abs)        000403
_SLRCONB                                      (abs)        00040B
_SLRCONC                                      (abs)        000413
_SLRCOND                                      (abs)        00041B
_SLRCONE                                      (abs)        000423
_SLRCONF                                      (abs)        00042B
_SPI1BAUD                                     (abs)        000089
_SPI1CLK                                      (abs)        00008C
_SPI1CON0                                     (abs)        000084
_SPI1CON0bits                                 (abs)        000084
_SPI1CON1                                     (abs)        000085
_SPI1CON2                                     (abs)        000086
_SPI1RXB                                      (abs)        000080
_SPI1SCKPPS                                   (abs)        00026A
_SPI1SDIPPS                                   (abs)        00026B
_SPI1TCNTL                                    (abs)        000082
_SPI1TXB                                      (abs)        000081
_SPI1_Initialize                              text6        003332
_SYSTEM_Initialize                            text1        003318
_TRISA                                        (abs)        0004C6
_TRISB                                        (abs)        0004C7
_TRISC                                        (abs)        0004C8
_TRISCbits                                    (abs)        0004C8
_TRISD                                        (abs)        0004C9
_TRISE                                        (abs)        0004CA
_TRISF                                        (abs)        0004CB
_U1BRGH                                       (abs)        0002AF
_U1BRGL                                       (abs)        0002AE
_U1CON0                                       (abs)        0002AB
_U1CON0bits                                   (abs)        0002AB
_U1CON1                                       (abs)        0002AC
_U1CON2                                       (abs)        0002AD
_U1ERRIE                                      (abs)        0002B3
_U1ERRIR                                      (abs)        0002B2
_U1ERRIRbits                                  (abs)        0002B2
_U1FIFO                                       (abs)        0002B0
_U1P1H                                        (abs)        0002A6
_U1P1L                                        (abs)        0002A5
_U1P2H                                        (abs)        0002A8
_U1P2L                                        (abs)        0002A7
_U1P3H                                        (abs)        0002AA
_U1P3L                                        (abs)        0002A9
_U1RXB                                        (abs)        0002A1
_U1RXPPS                                      (abs)        000272
_U1TXB                                        (abs)        0002A3
_U1UIR                                        (abs)        0002B1
_UART1_DefaultErrorHandler                    (abs)        000000
_UART1_DefaultFramingErrorHandler             (abs)        000000
_UART1_DefaultOverrunErrorHandler             (abs)        000000
_UART1_ErrorHandler                           nvCOMRAM     00053E
_UART1_FramingErrorHandler                    nvCOMRAM     000544
_UART1_Initialize                             text2        003118
_UART1_OverrunErrorHandler                    nvCOMRAM     000541
_UART1_SetErrorHandler                        text5        0033C6
_UART1_SetFramingErrorHandler                 text4        0033B8
_UART1_SetOverrunErrorHandler                 text3        0033AA
_WPUA                                         (abs)        000401
_WPUB                                         (abs)        000409
_WPUC                                         (abs)        000411
_WPUD                                         (abs)        000419
_WPUE                                         (abs)        000421
_WPUF                                         (abs)        000429
__HRAM                                        (abs)        000000
__Habs1                                       abs1         000000
__Hbank10                                     bank10       000000
__Hbank11                                     bank11       000000
__Hbank12                                     bank12       000000
__Hbank13                                     bank13       000000
__Hbank14                                     bank14       000000
__Hbank15                                     bank15       000000
__Hbank16                                     bank16       000000
__Hbank17                                     bank17       000000
__Hbank18                                     bank18       000000
__Hbank19                                     bank19       000000
__Hbank20                                     bank20       000000
__Hbank21                                     bank21       000000
__Hbank22                                     bank22       000000
__Hbank23                                     bank23       000000
__Hbank24                                     bank24       000000
__Hbank25                                     bank25       000000
__Hbank26                                     bank26       000000
__Hbank27                                     bank27       000000
__Hbank28                                     bank28       000000
__Hbank29                                     bank29       000000
__Hbank30                                     bank30       000000
__Hbank31                                     bank31       000000
__Hbank32                                     bank32       000000
__Hbank33                                     bank33       000000
__Hbank34                                     bank34       000000
__Hbank35                                     bank35       000000
__Hbank36                                     bank36       000000
__Hbank5                                      bank5        000000
__Hbank6                                      bank6        000000
__Hbank7                                      bank7        000000
__Hbank8                                      bank8        000000
__Hbank9                                      bank9        000000
__Hbigbss                                     bigbss       000000
__Hbigdata                                    bigdata      000000
__Hbigram                                     bigram       000000
__Hbigsfr                                     bigsfr       000000
__Hbss                                        bss          000000
__HbssBANK5                                   bssBANK5     000000
__HbssCOMRAM                                  bssCOMRAM    000000
__Hcinit                                      cinit        000000
__Hclrtext                                    clrtext      000000
__Hcomram                                     comram       000000
__Hconfig                                     config       30000A
__Hconst                                      const        000000
__HcstackCOMRAM                               cstackCOMRAM 000000
__Hdata                                       data         000000
__Heeprom_data                                eeprom_data  000000
__Hfarbss                                     farbss       000000
__Hfardata                                    fardata      000000
__Hheap                                       heap         000000
__Hibigdata                                   ibigdata     000000
__Hidata                                      idata        000000
__Hidloc                                      idloc        200040
__Hifardata                                   ifardata     000000
__Hinit                                       init         020000
__Hintsave_regs                               intsave_regs 000000
__Hirdata                                     irdata       000000
__Hmediumconst                                mediumconst  000000
__HnvCOMRAM                                   nvCOMRAM     000000
__HnvFARRAM                                   nvFARRAM     000000
__Hnvbit                                      nvbit        000000
__Hnvrram                                     nvrram       000000
__Hparam                                      rparam       000000
__Hpowerup                                    powerup      000000
__Hram                                        ram          000000
__Hramtop                                     ramtop       002600
__Hrbit                                       rbit         000000
__Hrbss                                       rbss         000000
__Hrdata                                      rdata        000000
__Hreset_vec                                  reset_vec    000004
__Hrparam                                     rparam       000000
__Hsfr                                        sfr          000000
__Hsmallconst                                 smallconst   002608
__Hspace_0                                    (abs)        020000
__Hspace_1                                    (abs)        0005B0
__Hspace_2                                    (abs)        000000
__Hspace_4                                    (abs)        60000A
__Hstack                                      stack        000000
__Hstruct                                     struct       000000
__Htemp                                       temp         000000
__Htext                                       text         000000
__Htext0                                      text0        000000
__Htext1                                      text1        000000
__Htext10                                     text10       000000
__Htext11                                     text11       000000
__Htext12                                     text12       000000
__Htext13                                     text13       000000
__Htext14                                     text14       000000
__Htext15                                     text15       000000
__Htext16                                     text16       000000
__Htext17                                     text17       000000
__Htext18                                     text18       000000
__Htext19                                     text19       000000
__Htext2                                      text2        000000
__Htext20                                     text20       000000
__Htext21                                     text21       000000
__Htext22                                     text22       000000
__Htext23                                     text23       000000
__Htext24                                     text24       000000
__Htext25                                     text25       000000
__Htext26                                     text26       000000
__Htext27                                     text27       000000
__Htext3                                      text3        000000
__Htext4                                      text4        000000
__Htext5                                      text5        000000
__Htext6                                      text6        000000
__Htext7                                      text7        000000
__Htext8                                      text8        000000
__Htext9                                      text9        000000
__LRAM                                        (abs)        000001
__Labs1                                       abs1         000000
__Lbank10                                     bank10       000000
__Lbank11                                     bank11       000000
__Lbank12                                     bank12       000000
__Lbank13                                     bank13       000000
__Lbank14                                     bank14       000000
__Lbank15                                     bank15       000000
__Lbank16                                     bank16       000000
__Lbank17                                     bank17       000000
__Lbank18                                     bank18       000000
__Lbank19                                     bank19       000000
__Lbank20                                     bank20       000000
__Lbank21                                     bank21       000000
__Lbank22                                     bank22       000000
__Lbank23                                     bank23       000000
__Lbank24                                     bank24       000000
__Lbank25                                     bank25       000000
__Lbank26                                     bank26       000000
__Lbank27                                     bank27       000000
__Lbank28                                     bank28       000000
__Lbank29                                     bank29       000000
__Lbank30                                     bank30       000000
__Lbank31                                     bank31       000000
__Lbank32                                     bank32       000000
__Lbank33                                     bank33       000000
__Lbank34                                     bank34       000000
__Lbank35                                     bank35       000000
__Lbank36                                     bank36       000000
__Lbank5                                      bank5        000000
__Lbank6                                      bank6        000000
__Lbank7                                      bank7        000000
__Lbank8                                      bank8        000000
__Lbank9                                      bank9        000000
__Lbigbss                                     bigbss       000000
__Lbigdata                                    bigdata      000000
__Lbigram                                     bigram       000000
__Lbigsfr                                     bigsfr       000000
__Lbss                                        bss          000000
__LbssBANK5                                   bssBANK5     000000
__LbssCOMRAM                                  bssCOMRAM    000000
__Lcinit                                      cinit        000000
__Lclrtext                                    clrtext      000000
__Lcomram                                     comram       000000
__Lconfig                                     config       000000
__Lconst                                      const        000000
__LcstackCOMRAM                               cstackCOMRAM 000000
__Ldata                                       data         000000
__Leeprom_data                                eeprom_data  000000
__Lfarbss                                     farbss       000000
__Lfardata                                    fardata      000000
__Lheap                                       heap         000000
__Libigdata                                   ibigdata     000000
__Lidata                                      idata        000000
__Lidloc                                      idloc        000000
__Lifardata                                   ifardata     000000
__Linit                                       init         01FFFC
__Lintsave_regs                               intsave_regs 000000
__Lirdata                                     irdata       000000
__Lmediumconst                                mediumconst  000000
__LnvCOMRAM                                   nvCOMRAM     000000
__LnvFARRAM                                   nvFARRAM     000000
__Lnvbit                                      nvbit        000000
__Lnvrram                                     nvrram       000000
__Lparam                                      rparam       000000
__Lpowerup                                    powerup      000000
__Lram                                        ram          000000
__Lramtop                                     ramtop       002600
__Lrbit                                       rbit         000000
__Lrbss                                       rbss         000000
__Lrdata                                      rdata        000000
__Lreset_vec                                  reset_vec    000000
__Lrparam                                     rparam       000000
__Lsfr                                        sfr          000000
__Lsmallconst                                 smallconst   002600
__Lspace_0                                    (abs)        000000
__Lspace_1                                    (abs)        000000
__Lspace_2                                    (abs)        000000
__Lspace_4                                    (abs)        000000
__Lstack                                      stack        000000
__Lstruct                                     struct       000000
__Ltemp                                       temp         000000
__Ltext                                       text         000000
__Ltext0                                      text0        000000
__Ltext1                                      text1        000000
__Ltext10                                     text10       000000
__Ltext11                                     text11       000000
__Ltext12                                     text12       000000
__Ltext13                                     text13       000000
__Ltext14                                     text14       000000
__Ltext15                                     text15       000000
__Ltext16                                     text16       000000
__Ltext17                                     text17       000000
__Ltext18                                     text18       000000
__Ltext19                                     text19       000000
__Ltext2                                      text2        000000
__Ltext20                                     text20       000000
__Ltext21                                     text21       000000
__Ltext22                                     text22       000000
__Ltext23                                     text23       000000
__Ltext24                                     text24       000000
__Ltext25                                     text25       000000
__Ltext26                                     text26       000000
__Ltext27                                     text27       000000
__Ltext3                                      text3        000000
__Ltext4                                      text4        000000
__Ltext5                                      text5        000000
__Ltext6                                      text6        000000
__Ltext7                                      text7        000000
__Ltext8                                      text8        000000
__Ltext9                                      text9        000000
__S0                                          (abs)        020000
__S1                                          (abs)        0005B0
__S4                                          (abs)        000000
__S5                                          (abs)        000000
___heap_hi                                    (abs)        000000
___heap_lo                                    (abs)        000000
___inthi_sp                                   stack        000000
___intlo_sp                                   stack        000000
___param_bank                                 (abs)        000000
___rparam_used                                (abs)        000001
___sp                                         stack        000000
___wmul                                       text17       003294
___wmul@multiplicand                          cstackCOMRAM 000503
___wmul@multiplier                            cstackCOMRAM 000501
___wmul@product                               cstackCOMRAM 000505
__accesstop                                   (abs)        000560
__activetblptr                                (abs)        000003
__end_of_ADCC_GetConversionResult             text12       0033AA
__end_of_ADCC_Initialize                      text10       003250
__end_of_FPGA_CLK                             text27       003394
__end_of_FPGA_CS                              text26       00337C
__end_of_FPGA_GetBuff                         text21       002DB2
__end_of_FPGA_GetData                         text25       002B80
__end_of_FPGA_LightON                         text18       002F00
__end_of_FPGA_SetAddress                      text24       0031F4
__end_of_FPGA_SetBuff                         text19       002CF8
__end_of_FPGA_SetCmd                          text23       003294
__end_of_FPGA_SetData                         text20       002E66
__end_of_FPGA_SetLightBaseCounter             text16       003118
__end_of_FPGA_SetLightHighCounter             text15       00309C
__end_of_FPGA_SetLightMask                    text14       00286E
__end_of_FPGA_SetMode                         text13       002F98
__end_of_FPGA_SetRW                           text22       003364
__end_of_GetADFromLight                       text11       003020
__end_of_OSCILLATOR_Initialize                text9        003318
__end_of_PIN_MANAGER_Initialize               text8        002C3E
__end_of_PMD_Initialize                       text7        0032DE
__end_of_SPI1_Initialize                      text6        00334C
__end_of_SYSTEM_Initialize                    text1        003332
__end_of_UART1_Initialize                     text2        00318C
__end_of_UART1_SetErrorHandler                text5        0033D4
__end_of_UART1_SetFramingErrorHandler         text4        0033C6
__end_of_UART1_SetOverrunErrorHandler         text3        0033B8
__end_of___wmul                               text17       0032BA
__end_of__initialization                      cinit        0032F6
__end_of_main                                 text0        002A6C
__end_of_spi1_configuration                   smallconst   002606
__initialization                              cinit        0032DE
__mediumconst                                 mediumconst  000000
__pbssBANK5                                   bssBANK5     000560
__pbssCOMRAM                                  bssCOMRAM    000547
__pcinit                                      cinit        0032DE
__pcstackCOMRAM                               cstackCOMRAM 000501
__pnvCOMRAM                                   nvCOMRAM     00053E
__psmallconst                                 smallconst   002600
__ptext0                                      text0        00286E
__ptext1                                      text1        003318
__ptext10                                     text10       0031F4
__ptext11                                     text11       002F98
__ptext12                                     text12       003394
__ptext13                                     text13       002F00
__ptext14                                     text14       002608
__ptext15                                     text15       003020
__ptext16                                     text16       00309C
__ptext17                                     text17       003294
__ptext18                                     text18       002E66
__ptext19                                     text19       002C3E
__ptext2                                      text2        003118
__ptext20                                     text20       002DB2
__ptext21                                     text21       002CF8
__ptext22                                     text22       00334C
__ptext23                                     text23       003250
__ptext24                                     text24       00318C
__ptext25                                     text25       002A6C
__ptext26                                     text26       003364
__ptext27                                     text27       00337C
__ptext3                                      text3        0033AA
__ptext4                                      text4        0033B8
__ptext5                                      text5        0033C6
__ptext6                                      text6        003332
__ptext7                                      text7        0032BA
__ptext8                                      text8        002B80
__ptext9                                      text9        0032FC
__ramtop                                      ramtop       002600
__smallconst                                  smallconst   002600
_main                                         text0        00286E
_spi1_configuration                           smallconst   002601
_uart1RxLastError                             bssCOMRAM    00054C
end_of_initialization                         cinit        0032F6
intlevel0                                     text         000000
intlevel1                                     text         000000
intlevel2                                     text         000000
intlevel3                                     text         000000
isa$std                                       (abs)        000001
isa$xinst                                     (abs)        000000
main@Buff                                     cstackCOMRAM 00052C
main@i                                        cstackCOMRAM 00053C
stackhi                                       (abs)        000000
stacklo                                       (abs)        000000
start                                         init         01FFFC
start_initialization                          cinit        0032DE


MODULE INFORMATION

Module		Function		Class		Link	Load	Size
C:\Program Files\Microchip\xc8\v2.40\pic\sources\c99\common\Umul16.c
		___wmul        		CODE           	3294	0000	38

C:\Program Files\Microchip\xc8\v2.40\pic\sources\c99\common\Umul16.c estimated size: 38

mcc_generated_files/pin_manager.c
		_PIN_MANAGER_Initialize		CODE           	2B80	0000	190

mcc_generated_files/pin_manager.c estimated size: 190

mcc_generated_files/spi1.c
		_SPI1_Initialize		CODE           	3332	0000	26

mcc_generated_files/spi1.c estimated size: 26

mcc_generated_files/uart1.c
		_UART1_SetFramingErrorHandler		CODE           	33B8	0000	14
		_UART1_SetOverrunErrorHandler		CODE           	33AA	0000	14
		_UART1_Initialize		CODE           	3118	0000	116
		_UART1_SetErrorHandler		CODE           	33C6	0000	14

mcc_generated_files/uart1.c estimated size: 158

shared
		__initialization		CODE           	32DE	0000	24
		_spi1_configuration		SMALLCONST     	2601	0000	5

shared estimated size: 29

mcc_generated_files/mcc.c
		_PMD_Initialize		CODE           	32BA	0000	36
		_OSCILLATOR_Initialize		CODE           	32FC	0000	28
		_SYSTEM_Initialize		CODE           	3318	0000	26

mcc_generated_files/mcc.c estimated size: 90

mcc_generated_files/adcc.c
		_ADCC_GetConversionResult		CODE           	3394	0000	22
		_ADCC_Initialize		CODE           	31F4	0000	92

mcc_generated_files/adcc.c estimated size: 114

main.c
		_GetADFromLight		CODE           	2F98	0000	136
		_FPGA_SetAddress		CODE           	318C	0000	104
		_main          		CODE           	286E	0000	510
		_FPGA_SetLightHighCounter		CODE           	3020	0000	124
		_FPGA_SetLightBaseCounter		CODE           	309C	0000	124
		_FPGA_GetData  		CODE           	2A6C	0000	276
		_FPGA_GetBuff  		CODE           	2CF8	0000	186
		_FPGA_SetRW    		CODE           	334C	0000	24
		_FPGA_SetCmd   		CODE           	3250	0000	68
		_FPGA_SetData  		CODE           	2DB2	0000	180
		_FPGA_SetMode  		CODE           	2F00	0000	152
		_FPGA_SetBuff  		CODE           	2C3E	0000	186
		_FPGA_CS       		CODE           	3364	0000	24
		_FPGA_SetLightMask		CODE           	2608	0000	614
		_FPGA_CLK      		CODE           	337C	0000	24
		_FPGA_LightON  		CODE           	2E66	0000	154

main.c estimated size: 2886

