Microchip MPLAB XC8 Compiler V2.40

Linker command line:

-W-3 \
  --edf=C:/Users/ms441/.mchp_packs/Microchip/PIC18F-Q_DFP/1.17.379/xc8\pic\dat\20230323153512_en.msgs \
  -cn -h+dist/default/production\LEDControl16JPIC.X.production.sym \
  --cmf=dist/default/production\LEDControl16JPIC.X.production.cmf -z \
  -Q18F26Q84 -oC:\Users\ms441\AppData\Local\Temp\xcAsg60.4 \
  --defsym=__MPLAB_BUILD=1 --fixupoverflow=error \
  -Mdist/default/production/LEDControl16JPIC.X.production.map \
  --md=C:\Users\ms441\AppData\Local\Temp\xcAsg60.dat -E1 -ver=XC8 Compiler \
  --acfsm=1493 -ACODE=00h-0FFFFh -ACONST=00h-0FFFFh \
  -ASMALLCONST=02E00h-02EFFhx210 -AMEDIUMCONST=02E00h-0FFFFh \
  -ACOMRAM=0501h-055Fh -AABS1=0500h-024FFh -ABIGRAM=0501h-024FFh \
  -ARAM=0560h-05FFh,0600h-06FFhx31 -ABANK5=0560h-05FFh -ABANK6=0600h-06FFh \
  -ABANK7=0700h-07FFh -ABANK8=0800h-08FFh -ABANK9=0900h-09FFh \
  -ABANK10=0A00h-0AFFh -ABANK11=0B00h-0BFFh -ABANK12=0C00h-0CFFh \
  -ABANK13=0D00h-0DFFh -ABANK14=0E00h-0EFFh -ABANK15=0F00h-0FFFh \
  -ABANK16=01000h-010FFh -ABANK17=01100h-011FFh -ABANK18=01200h-012FFh \
  -ABANK19=01300h-013FFh -ABANK20=01400h-014FFh -ABANK21=01500h-015FFh \
  -ABANK22=01600h-016FFh -ABANK23=01700h-017FFh -ABANK24=01800h-018FFh \
  -ABANK25=01900h-019FFh -ABANK26=01A00h-01AFFh -ABANK27=01B00h-01BFFh \
  -ABANK28=01C00h-01CFFh -ABANK29=01D00h-01DFFh -ABANK30=01E00h-01EFFh \
  -ABANK31=01F00h-01FFFh -ABANK32=02000h-020FFh -ABANK33=02100h-021FFh \
  -ABANK34=02200h-022FFh -ABANK35=02300h-023FFh -ABANK36=02400h-024FFh \
  -ASFR=00h-0FFhx4,0400h-045Fh,0460h-04FFh,02500h-025FFhx9 \
  -ABIGSFR=00h-04FFh,02500h-02DFFh -ACONFIG=0300000h-0300023h \
  -AIDLOC=0200000h-020003Fh -AEEDATA=0380000h-03803FFh -peeprom_data=EEDATA \
  -preset_vec=00h -ppowerup=CODE,init -pramtop=02E00h \
  -psmallconst=SMALLCONST -pmediumconst=MEDIUMCONST -pconst=CONST \
  -AFARRAM=00h-00h \
  -prdata=COMRAM,nvrram=COMRAM,nvbit=COMRAM,rbss=COMRAM,rbit=COMRAM \
  -pfarbss=FARRAM,fardata=FARRAM,nvFARRAM=FARRAM \
  -pintsave_regs=BIGRAM,bigbss=BIGRAM,bigdata=BIGRAM -pbss=RAM \
  -pidata=CODE,irdata=CODE,ibigdata=CODE,ifardata=CODE -prparam=COMRAM \
  C:\Users\ms441\AppData\Local\Temp\xcAsg60.o \
  dist/default/production\LEDControl16JPIC.X.production.o 

Object code version is 3.11

Machine type is 18F26Q84



                Name                               Link     Load   Length Selector   Space Scale
C:\Users\ms441\AppData\Local\Temp\xcAsg60.o
                idloc                            200000   200000       40        0       5
                config                           300000   300000       23        0       4
                init                               FFFC     FFFC        4     7FFE       0
                reset_vec                             0        0        4        0       0
dist/default/production\LEDControl16JPIC.X.production.o
                idloc                            200000   200000       40        0       5
                config                           300000   300000       23        0       4
                smallconst                         2E00     2E00        8     1700       0
                text14                             311E     311E        6     1704       0
                text13                             3014     3014       32     1704       0
                text12                             3046     3046       30     1704       0
                text11                             3110     3110        8     1704       0
                text10                             30FE     30FE        A     1704       0
                text9                              30F4     30F4        A     1704       0
                text8                              30EA     30EA        A     1704       0
                text7                              2F08     2F08       AC     1704       0
                text6                              3108     3108        8     1704       0
                text5                              30D2     30D2       18     1704       0
                text4                              2FB4     2FB4       60     1704       0
                text3                              3076     3076       28     1704       0
                text2                              30B8     30B8       1A     1704       0
                text1                              309E     309E       1A     1704       0
                text0                              2E08     2E08      100     1704       0
                cstackCOMRAM                        501      501       25      501       1
                cinit                              3118     3118        6     1704       0
                nvCOMRAM                            526      526        6      501       1

TOTAL           Name                               Link     Load   Length     Space
        CLASS   CODE           
                init                               FFFC     FFFC        4         0
                reset_vec                             0        0        4         0
                text14                             311E     311E        6         0
                text13                             3014     3014       32         0
                text12                             3046     3046       30         0
                text11                             3110     3110        8         0
                text10                             30FE     30FE        A         0
                text9                              30F4     30F4        A         0
                text8                              30EA     30EA        A         0
                text7                              2F08     2F08       AC         0
                text6                              3108     3108        8         0
                text5                              30D2     30D2       18         0
                text4                              2FB4     2FB4       60         0
                text3                              3076     3076       28         0
                text2                              30B8     30B8       1A         0
                text1                              309E     309E       1A         0
                text0                              2E08     2E08      100         0
                cinit                              3118     3118        6         0

        CLASS   CONST          

        CLASS   SMALLCONST     
                smallconst                         2E00     2E00        8         0

        CLASS   MEDIUMCONST    

        CLASS   COMRAM         
                cstackCOMRAM                        501      501       25         1
                nvCOMRAM                            526      526        6         1

        CLASS   ABS1           

        CLASS   BIGRAM         

        CLASS   RAM            

        CLASS   BANK5          

        CLASS   BANK6          

        CLASS   BANK7          

        CLASS   BANK8          

        CLASS   BANK9          

        CLASS   BANK10         

        CLASS   BANK11         

        CLASS   BANK12         

        CLASS   BANK13         

        CLASS   BANK14         

        CLASS   BANK15         

        CLASS   BANK16         

        CLASS   BANK17         

        CLASS   BANK18         

        CLASS   BANK19         

        CLASS   BANK20         

        CLASS   BANK21         

        CLASS   BANK22         

        CLASS   BANK23         

        CLASS   BANK24         

        CLASS   BANK25         

        CLASS   BANK26         

        CLASS   BANK27         

        CLASS   BANK28         

        CLASS   BANK29         

        CLASS   BANK30         

        CLASS   BANK31         

        CLASS   BANK32         

        CLASS   BANK33         

        CLASS   BANK34         

        CLASS   BANK35         

        CLASS   BANK36         

        CLASS   SFR            

        CLASS   BIGSFR         

        CLASS   CONFIG         
                config                           300000   300000       23         4

        CLASS   IDLOC          
                idloc                            200000   200000       40         5

        CLASS   EEDATA         

        CLASS   FARRAM         

        CLASS   HEAP           

        CLASS   STACK          



SEGMENTS        Name                           Load    Length   Top    Selector   Space  Class

                reset_vec                      000000  000004  000004         0       0  CODE    
                cstackCOMRAM                   000501  00002B  00052C       501       1  COMRAM  
                smallconst                     002E00  000008  002E08      1700       0  SMALLCON
                text0                          002E08  00031C  003124      1704       0  CODE    
                init                           00FFFC  000004  010000      7FFE       0  CODE    


UNUSED ADDRESS RANGES

        Name                Unused          Largest block    Delta
        BANK10           000A00-000AFF              100
        BANK11           000B00-000BFF              100
        BANK12           000C00-000CFF              100
        BANK13           000D00-000DFF              100
        BANK14           000E00-000EFF              100
        BANK15           000F00-000FFF              100
        BANK16           001000-0010FF              100
        BANK17           001100-0011FF              100
        BANK18           001200-0012FF              100
        BANK19           001300-0013FF              100
        BANK20           001400-0014FF              100
        BANK21           001500-0015FF              100
        BANK22           001600-0016FF              100
        BANK23           001700-0017FF              100
        BANK24           001800-0018FF              100
        BANK25           001900-0019FF              100
        BANK26           001A00-001AFF              100
        BANK27           001B00-001BFF              100
        BANK28           001C00-001CFF              100
        BANK29           001D00-001DFF              100
        BANK30           001E00-001EFF              100
        BANK31           001F00-001FFF              100
        BANK32           002000-0020FF              100
        BANK33           002100-0021FF              100
        BANK34           002200-0022FF              100
        BANK35           002300-0023FF              100
        BANK36           002400-0024FF              100
        BANK5            000560-0005FF               A0
        BANK6            000600-0006FF              100
        BANK7            000700-0007FF              100
        BANK8            000800-0008FF              100
        BANK9            000900-0009FF              100
        BIGRAM           00052C-0024FF             1FD4
        BIGSFR           000000-0004FF              500
                         002500-002DFF              900
        CODE             000004-002DFF             2DFC
                         003124-00FFFB             CED8
        COMRAM           00052C-00055F               34
        CONFIG           300023-300023                1
        CONST            000004-002DFF             2DFC
                         003124-00FFFB             CED8
        EEDATA           380000-3803FF              400
        MEDIUMCONST      003124-00FFFB             CED8
        RAM              000560-0024FF              100
        SFR              000000-0004FF              100
                         002500-002DFF              100
        SMALLCONST       003124-00FFFB              100

                                  Symbol Table

?_ADC_GetSingleConversion                                 cstackCOMRAM 000501
ADC_EnableChannelScan@context                             cstackCOMRAM 000503
ADC_GetSingleConversion@channel                           cstackCOMRAM 000505
ADC_SelectContext@context                                 cstackCOMRAM 000501
ADC_SetADIInterruptHandler@InterruptHandler               cstackCOMRAM 000501
ADC_SetActiveClockTuningInterruptHandler@InterruptHandler cstackCOMRAM 000501
ADC_SetContext1ThresholdInterruptHandler@InterruptHandler cstackCOMRAM 000501
_ADACCH                                                   (abs)        0003E4
_ADACCL                                                   (abs)        0003E3
_ADACCU                                                   (abs)        0003E5
_ADACQH                                                   (abs)        0003EF
_ADACQL                                                   (abs)        0003EE
_ADACT                                                    (abs)        0003F9
_ADCAP                                                    (abs)        0003F0
_ADCLK                                                    (abs)        0003FA
_ADCNT                                                    (abs)        0003E6
_ADCON0                                                   (abs)        0003F3
_ADCON0bits                                               (abs)        0003F3
_ADCON1                                                   (abs)        0003F4
_ADCON1bits                                               (abs)        0003F4
_ADCON2                                                   (abs)        0003F5
_ADCON2bits                                               (abs)        0003F5
_ADCON3                                                   (abs)        0003F6
_ADCON3bits                                               (abs)        0003F6
_ADCP                                                     (abs)        0003D8
_ADCPbits                                                 (abs)        0003D8
_ADCSEL1                                                  (abs)        0003FC
_ADCSEL1bits                                              (abs)        0003FC
_ADCTX                                                    (abs)        0003FB
_ADC_ActiveClockTuning_ISR                                nvCOMRAM     000526
_ADC_Context1Thereshld_ISR                                nvCOMRAM     000528
_ADC_ConversionComplete_ISR                               nvCOMRAM     00052A
_ADC_DefaultADI_ISR                                       (abs)        000000
_ADC_DefaultActiveClockTuning_ISR                         (abs)        000000
_ADC_DefaultContext1Threshold_ISR                         (abs)        000000
_ADC_DisableChannelSequencer                              text14       00311E
_ADC_EnableChannelScan                                    text13       003014
_ADC_GetSingleConversion                                  text12       003046
_ADC_Initialize                                           text7        002F08
_ADC_SelectContext                                        text11       003110
_ADC_SetADIInterruptHandler                               text10       0030FE
_ADC_SetActiveClockTuningInterruptHandler                 text9        0030F4
_ADC_SetContext1ThresholdInterruptHandler                 text8        0030EA
_ADERRH                                                   (abs)        0003DE
_ADERRL                                                   (abs)        0003DD
_ADFLTRH                                                  (abs)        0003E2
_ADFLTRL                                                  (abs)        0003E1
_ADLTHH                                                   (abs)        0003DA
_ADLTHL                                                   (abs)        0003D9
_ADPCH                                                    (abs)        0003EC
_ADPREH                                                   (abs)        0003F2
_ADPREL                                                   (abs)        0003F1
_ADPREVH                                                  (abs)        0003E9
_ADPREVL                                                  (abs)        0003E8
_ADREF                                                    (abs)        0003F8
_ADRESH                                                   (abs)        0003EB
_ADRESL                                                   (abs)        0003EA
_ADRPT                                                    (abs)        0003E7
_ADSTAT                                                   (abs)        0003F7
_ADSTATbits                                               (abs)        0003F7
_ADSTPTH                                                  (abs)        0003E0
_ADSTPTL                                                  (abs)        0003DF
_ADUTHH                                                   (abs)        0003DC
_ADUTHL                                                   (abs)        0003DB
_ANSELA                                                   (abs)        000400
_ANSELB                                                   (abs)        000408
_ANSELC                                                   (abs)        000410
_FVRCON                                                   (abs)        0003D7
_FVRCONbits                                               (abs)        0003D7
_FVR_Initialize                                           text6        003108
_INLVLA                                                   (abs)        000404
_INLVLB                                                   (abs)        00040C
_INLVLC                                                   (abs)        000414
_INLVLE                                                   (abs)        000424
_LATA                                                     (abs)        0004BE
_LATB                                                     (abs)        0004BF
_LATC                                                     (abs)        0004C0
_ODCONA                                                   (abs)        000402
_ODCONB                                                   (abs)        00040A
_ODCONC                                                   (abs)        000412
_OSCCON1                                                  (abs)        0000AD
_OSCCON3                                                  (abs)        0000AF
_OSCEN                                                    (abs)        0000B3
_OSCFRQ                                                   (abs)        0000B1
_OSCILLATOR_Initialize                                    text5        0030D2
_OSCTUNE                                                  (abs)        0000B0
_PIN_MANAGER_Initialize                                   text4        002FB4
_PIR1bits                                                 (abs)        0004AF
_PIR2bits                                                 (abs)        0004B0
_PIR3bits                                                 (abs)        0004B1
_PMD0                                                     (abs)        000060
_PMD1                                                     (abs)        000061
_PMD2                                                     (abs)        000062
_PMD3                                                     (abs)        000063
_PMD4                                                     (abs)        000064
_PMD5                                                     (abs)        000065
_PMD6                                                     (abs)        000066
_PMD7                                                     (abs)        000067
_PMD8                                                     (abs)        000068
_PMD_Initialize                                           text3        003076
_RC5PPS                                                   (abs)        000216
_SLRCONA                                                  (abs)        000403
_SLRCONB                                                  (abs)        00040B
_SLRCONC                                                  (abs)        000413
_SPI1BAUD                                                 (abs)        000089
_SPI1CLK                                                  (abs)        00008C
_SPI1CON0                                                 (abs)        000084
_SPI1CON0bits                                             (abs)        000084
_SPI1CON1                                                 (abs)        000085
_SPI1CON2                                                 (abs)        000086
_SPI1RXB                                                  (abs)        000080
_SPI1SCKPPS                                               (abs)        00026A
_SPI1SDIPPS                                               (abs)        00026B
_SPI1TCNTL                                                (abs)        000082
_SPI1TXB                                                  (abs)        000081
_SPI1_Initialize                                          text2        0030B8
_SYSTEM_Initialize                                        text1        00309E
_TRISA                                                    (abs)        0004C6
_TRISB                                                    (abs)        0004C7
_TRISC                                                    (abs)        0004C8
_TRISCbits                                                (abs)        0004C8
_TRISE                                                    (abs)        0004CA
_WPUA                                                     (abs)        000401
_WPUB                                                     (abs)        000409
_WPUC                                                     (abs)        000411
_WPUE                                                     (abs)        000421
__HRAM                                                    (abs)        000000
__Habs1                                                   abs1         000000
__Hbank10                                                 bank10       000000
__Hbank11                                                 bank11       000000
__Hbank12                                                 bank12       000000
__Hbank13                                                 bank13       000000
__Hbank14                                                 bank14       000000
__Hbank15                                                 bank15       000000
__Hbank16                                                 bank16       000000
__Hbank17                                                 bank17       000000
__Hbank18                                                 bank18       000000
__Hbank19                                                 bank19       000000
__Hbank20                                                 bank20       000000
__Hbank21                                                 bank21       000000
__Hbank22                                                 bank22       000000
__Hbank23                                                 bank23       000000
__Hbank24                                                 bank24       000000
__Hbank25                                                 bank25       000000
__Hbank26                                                 bank26       000000
__Hbank27                                                 bank27       000000
__Hbank28                                                 bank28       000000
__Hbank29                                                 bank29       000000
__Hbank30                                                 bank30       000000
__Hbank31                                                 bank31       000000
__Hbank32                                                 bank32       000000
__Hbank33                                                 bank33       000000
__Hbank34                                                 bank34       000000
__Hbank35                                                 bank35       000000
__Hbank36                                                 bank36       000000
__Hbank5                                                  bank5        000000
__Hbank6                                                  bank6        000000
__Hbank7                                                  bank7        000000
__Hbank8                                                  bank8        000000
__Hbank9                                                  bank9        000000
__Hbigbss                                                 bigbss       000000
__Hbigdata                                                bigdata      000000
__Hbigram                                                 bigram       000000
__Hbigsfr                                                 bigsfr       000000
__Hbss                                                    bss          000000
__Hcinit                                                  cinit        000000
__Hclrtext                                                clrtext      000000
__Hcomram                                                 comram       000000
__Hconfig                                                 config       300023
__Hconst                                                  const        000000
__HcstackCOMRAM                                           cstackCOMRAM 000000
__Hdata                                                   data         000000
__Heeprom_data                                            eeprom_data  000000
__Hfarbss                                                 farbss       000000
__Hfardata                                                fardata      000000
__Hheap                                                   heap         000000
__Hibigdata                                               ibigdata     000000
__Hidata                                                  idata        000000
__Hidloc                                                  idloc        200040
__Hifardata                                               ifardata     000000
__Hinit                                                   init         010000
__Hintsave_regs                                           intsave_regs 000000
__Hirdata                                                 irdata       000000
__Hmediumconst                                            mediumconst  000000
__HnvCOMRAM                                               nvCOMRAM     000000
__HnvFARRAM                                               nvFARRAM     000000
__Hnvbit                                                  nvbit        000000
__Hnvrram                                                 nvrram       000000
__Hparam                                                  rparam       000000
__Hpowerup                                                powerup      000000
__Hram                                                    ram          000000
__Hramtop                                                 ramtop       002E00
__Hrbit                                                   rbit         000000
__Hrbss                                                   rbss         000000
__Hrdata                                                  rdata        000000
__Hreset_vec                                              reset_vec    000004
__Hrparam                                                 rparam       000000
__Hsfr                                                    sfr          000000
__Hsmallconst                                             smallconst   002E08
__Hspace_0                                                (abs)        010000
__Hspace_1                                                (abs)        00052C
__Hspace_2                                                (abs)        000000
__Hspace_4                                                (abs)        600023
__Hstack                                                  stack        000000
__Hstruct                                                 struct       000000
__Htemp                                                   temp         000000
__Htext                                                   text         000000
__Htext0                                                  text0        000000
__Htext1                                                  text1        000000
__Htext10                                                 text10       000000
__Htext11                                                 text11       000000
__Htext12                                                 text12       000000
__Htext13                                                 text13       000000
__Htext14                                                 text14       000000
__Htext2                                                  text2        000000
__Htext3                                                  text3        000000
__Htext4                                                  text4        000000
__Htext5                                                  text5        000000
__Htext6                                                  text6        000000
__Htext7                                                  text7        000000
__Htext8                                                  text8        000000
__Htext9                                                  text9        000000
__LRAM                                                    (abs)        000001
__Labs1                                                   abs1         000000
__Lbank10                                                 bank10       000000
__Lbank11                                                 bank11       000000
__Lbank12                                                 bank12       000000
__Lbank13                                                 bank13       000000
__Lbank14                                                 bank14       000000
__Lbank15                                                 bank15       000000
__Lbank16                                                 bank16       000000
__Lbank17                                                 bank17       000000
__Lbank18                                                 bank18       000000
__Lbank19                                                 bank19       000000
__Lbank20                                                 bank20       000000
__Lbank21                                                 bank21       000000
__Lbank22                                                 bank22       000000
__Lbank23                                                 bank23       000000
__Lbank24                                                 bank24       000000
__Lbank25                                                 bank25       000000
__Lbank26                                                 bank26       000000
__Lbank27                                                 bank27       000000
__Lbank28                                                 bank28       000000
__Lbank29                                                 bank29       000000
__Lbank30                                                 bank30       000000
__Lbank31                                                 bank31       000000
__Lbank32                                                 bank32       000000
__Lbank33                                                 bank33       000000
__Lbank34                                                 bank34       000000
__Lbank35                                                 bank35       000000
__Lbank36                                                 bank36       000000
__Lbank5                                                  bank5        000000
__Lbank6                                                  bank6        000000
__Lbank7                                                  bank7        000000
__Lbank8                                                  bank8        000000
__Lbank9                                                  bank9        000000
__Lbigbss                                                 bigbss       000000
__Lbigdata                                                bigdata      000000
__Lbigram                                                 bigram       000000
__Lbigsfr                                                 bigsfr       000000
__Lbss                                                    bss          000000
__Lcinit                                                  cinit        000000
__Lclrtext                                                clrtext      000000
__Lcomram                                                 comram       000000
__Lconfig                                                 config       000000
__Lconst                                                  const        000000
__LcstackCOMRAM                                           cstackCOMRAM 000000
__Ldata                                                   data         000000
__Leeprom_data                                            eeprom_data  000000
__Lfarbss                                                 farbss       000000
__Lfardata                                                fardata      000000
__Lheap                                                   heap         000000
__Libigdata                                               ibigdata     000000
__Lidata                                                  idata        000000
__Lidloc                                                  idloc        000000
__Lifardata                                               ifardata     000000
__Linit                                                   init         00FFFC
__Lintsave_regs                                           intsave_regs 000000
__Lirdata                                                 irdata       000000
__Lmediumconst                                            mediumconst  000000
__LnvCOMRAM                                               nvCOMRAM     000000
__LnvFARRAM                                               nvFARRAM     000000
__Lnvbit                                                  nvbit        000000
__Lnvrram                                                 nvrram       000000
__Lparam                                                  rparam       000000
__Lpowerup                                                powerup      000000
__Lram                                                    ram          000000
__Lramtop                                                 ramtop       002E00
__Lrbit                                                   rbit         000000
__Lrbss                                                   rbss         000000
__Lrdata                                                  rdata        000000
__Lreset_vec                                              reset_vec    000000
__Lrparam                                                 rparam       000000
__Lsfr                                                    sfr          000000
__Lsmallconst                                             smallconst   002E00
__Lspace_0                                                (abs)        000000
__Lspace_1                                                (abs)        000000
__Lspace_2                                                (abs)        000000
__Lspace_4                                                (abs)        000000
__Lstack                                                  stack        000000
__Lstruct                                                 struct       000000
__Ltemp                                                   temp         000000
__Ltext                                                   text         000000
__Ltext0                                                  text0        000000
__Ltext1                                                  text1        000000
__Ltext10                                                 text10       000000
__Ltext11                                                 text11       000000
__Ltext12                                                 text12       000000
__Ltext13                                                 text13       000000
__Ltext14                                                 text14       000000
__Ltext2                                                  text2        000000
__Ltext3                                                  text3        000000
__Ltext4                                                  text4        000000
__Ltext5                                                  text5        000000
__Ltext6                                                  text6        000000
__Ltext7                                                  text7        000000
__Ltext8                                                  text8        000000
__Ltext9                                                  text9        000000
__S0                                                      (abs)        010000
__S1                                                      (abs)        00052C
__S4                                                      (abs)        000000
__S5                                                      (abs)        000000
___heap_hi                                                (abs)        000000
___heap_lo                                                (abs)        000000
___inthi_sp                                               stack        000000
___intlo_sp                                               stack        000000
___param_bank                                             (abs)        000000
___rparam_used                                            (abs)        000001
___sp                                                     stack        000000
__accesstop                                               (abs)        000560
__activetblptr                                            (abs)        000003
__end_of_ADC_DisableChannelSequencer                      text14       003124
__end_of_ADC_EnableChannelScan                            text13       003046
__end_of_ADC_GetSingleConversion                          text12       003076
__end_of_ADC_Initialize                                   text7        002FB4
__end_of_ADC_SelectContext                                text11       003118
__end_of_ADC_SetADIInterruptHandler                       text10       003108
__end_of_ADC_SetActiveClockTuningInterruptHandler         text9        0030FE
__end_of_ADC_SetContext1ThresholdInterruptHandler         text8        0030F4
__end_of_FVR_Initialize                                   text6        003110
__end_of_OSCILLATOR_Initialize                            text5        0030EA
__end_of_PIN_MANAGER_Initialize                           text4        003014
__end_of_PMD_Initialize                                   text3        00309E
__end_of_SPI1_Initialize                                  text2        0030D2
__end_of_SYSTEM_Initialize                                text1        0030B8
__end_of__initialization                                  cinit        003118
__end_of_main                                             text0        002F08
__end_of_spi1_configuration                               smallconst   002E06
__initialization                                          cinit        003118
__mediumconst                                             mediumconst  000000
__pcinit                                                  cinit        003118
__pcstackCOMRAM                                           cstackCOMRAM 000501
__pnvCOMRAM                                               nvCOMRAM     000526
__psmallconst                                             smallconst   002E00
__ptext0                                                  text0        002E08
__ptext1                                                  text1        00309E
__ptext10                                                 text10       0030FE
__ptext11                                                 text11       003110
__ptext12                                                 text12       003046
__ptext13                                                 text13       003014
__ptext14                                                 text14       00311E
__ptext2                                                  text2        0030B8
__ptext3                                                  text3        003076
__ptext4                                                  text4        002FB4
__ptext5                                                  text5        0030D2
__ptext6                                                  text6        003108
__ptext7                                                  text7        002F08
__ptext8                                                  text8        0030EA
__ptext9                                                  text9        0030F4
__ramtop                                                  ramtop       002E00
__smallconst                                              smallconst   002E00
_main                                                     text0        002E08
_spi1_configuration                                       smallconst   002E01
end_of_initialization                                     cinit        003118
intlevel0                                                 text         000000
intlevel1                                                 text         000000
intlevel2                                                 text         000000
intlevel3                                                 text         000000
isa$std                                                   (abs)        000001
isa$xinst                                                 (abs)        000000
main@convertedValue                                       cstackCOMRAM 000506
stackhi                                                   (abs)        000000
stacklo                                                   (abs)        000000
start                                                     init         00FFFC
start_initialization                                      cinit        003118


MODULE INFORMATION

Module		Function		Class		Link	Load	Size
mcc_generated_files/fvr.c
		_FVR_Initialize		CODE           	3108	0000	8

mcc_generated_files/fvr.c estimated size: 8

mcc_generated_files/pin_manager.c
		_PIN_MANAGER_Initialize		CODE           	2FB4	0000	96

mcc_generated_files/pin_manager.c estimated size: 96

mcc_generated_files/spi1.c
		_SPI1_Initialize		CODE           	30B8	0000	26

mcc_generated_files/spi1.c estimated size: 26

mcc_generated_files/adc.c
		_ADC_SelectContext		CODE           	3110	0000	8
		_ADC_Initialize		CODE           	2F08	0000	172
		_ADC_DisableChannelSequencer		CODE           	311E	0000	6
		_ADC_EnableChannelScan		CODE           	3014	0000	50
		_ADC_GetSingleConversion		CODE           	3046	0000	48
		_ADC_SetActiveClockTuningInterruptHandler		CODE           	30F4	0000	10
		_ADC_SetADIInterruptHandler		CODE           	30FE	0000	10
		_ADC_SetContext1ThresholdInterruptHandler		CODE           	30EA	0000	10

mcc_generated_files/adc.c estimated size: 314

shared
		__initialization		CODE           	3118	0000	1
		_spi1_configuration		SMALLCONST     	2E01	0000	5

shared estimated size: 6

mcc_generated_files/mcc.c
		_PMD_Initialize		CODE           	3076	0000	40
		_OSCILLATOR_Initialize		CODE           	30D2	0000	24
		_SYSTEM_Initialize		CODE           	309E	0000	26

mcc_generated_files/mcc.c estimated size: 90

main.c
		_main          		CODE           	2E08	0000	256

main.c estimated size: 256

